-------------------------------------------------------------------------------
      name:  <unnamed>
       log:  /workspace/logs/01_describe_snomed_ethnicity.log
  log type:  text
 opened on:  16 Mar 2022, 10:48:11

. 
. *create stata version of codelists for merging
. import delimited ./codelists/opensafely-ethnicity-uk-categories.csv, clear
(2 vars, 610 obs)

. format code %20.0f

. tostring code, gen(snomedcode) format(%20.0g)
snomedcode generated as str16

. save ./output/opensafely-ethnicity-uk-categories_formerge.dta, replace
(note: file ./output/opensafely-ethnicity-uk-categories_formerge.dta not found)
file ./output/opensafely-ethnicity-uk-categories_formerge.dta saved

. 
. clear

. 
. *import csv for each group and save as dta
. import delimited using ./output/input.csv, clear
(66 vars, 1,000 obs)

. gen group=1

. save ./output/input1.dta, replace
(note: file ./output/input1.dta not found)
file ./output/input1.dta saved

. 
. forvalues i=2/10 {
  2.          import delimited ./output/input_`i'.csv, clear
  3.          gen group=`i'
  4.         save ./output/input`i'.dta, replace
  5. }
(66 vars, 1,000 obs)
(note: file ./output/input2.dta not found)
file ./output/input2.dta saved
(66 vars, 1,000 obs)
(note: file ./output/input3.dta not found)
file ./output/input3.dta saved
(66 vars, 1,000 obs)
(note: file ./output/input4.dta not found)
file ./output/input4.dta saved
(66 vars, 1,000 obs)
(note: file ./output/input5.dta not found)
file ./output/input5.dta saved
(66 vars, 1,000 obs)
(note: file ./output/input6.dta not found)
file ./output/input6.dta saved
(66 vars, 1,000 obs)
(note: file ./output/input7.dta not found)
file ./output/input7.dta saved
(66 vars, 1,000 obs)
(note: file ./output/input8.dta not found)
file ./output/input8.dta saved
(66 vars, 1,000 obs)
(note: file ./output/input9.dta not found)
file ./output/input9.dta saved
(66 vars, 1,000 obs)
(note: file ./output/input10.dta not found)
file ./output/input10.dta saved

. 
. forvalues i=1/10 {
  2.         use ./output/input`i'.dta, clear
  3.         
.         *collapse count of each ethnicity code 
.         collapse (sum) eth_* (min) group
  4. 
.         *reshape long
.         gen ethnicity=1
  5.         reshape long eth_ , i(ethnicity) j(snomedcode)
  6.         ren eth_ snomedcode_count
  7. 
.         format snomedcode %20.0f
  8.         tostring snomedcode, replace format(%20.0g)
  9. 
.         *merge with codelist for descriptors
.         merge 1:1 snomedcode using ./output/opensafely-ethnicity-uk-categorie
> s_formerge.dta, keep(match)
 10. 
.         gen include=0
 11.         replace include=1 if _merge==3
 12.         replace include=0 if snomedcode_count==0
 13.         tab include
 14.         drop code
 15.         save ./output/snomed_ethnicity_count_`i'.dta, replace
 16. }
(note: j = 1340002 1451003 10008004 10117001 10292001 10432001 11794009 1255600
> 8 13233008 13440006 14045001 14176005 14470009 14999008 15086000 108342005 11
> 3169009 113170005 113171009 139955009 139960008 154159009 154160004 154161000
>  154162007 154163002 154164008 154165009 154166005 154167001 154168006 154169
> 003 154170002 154171003 154172005 154173000 154174006 154175007 154176008 154
> 177004 154178009 154179001 154180003 154181004 154182006 107691000000105 1104
> 01000000103 110751000000108 110761000000106 110771000000104 110781000000102 1
> 10791000000100 110831000000107 1024701000000100 1036211000000103 103625100000
> 0104 1036281000000105 1036301000000106 1036321000000102 1036341000000109 1036
> 361000000105)

Data                               wide   ->   long
-----------------------------------------------------------------------------
Number of obs.                        1   ->      61
Number of variables                  63   ->       4
j variable (61 values)                    ->   snomedcode
xij variables:
eth_1340002 eth_1451003 ... eth_1036361000000105->eth_
-----------------------------------------------------------------------------
snomedcode was double now str16

    Result                           # of obs.
    -----------------------------------------
    not matched                             0
    matched                                61  (_merge==3)
    -----------------------------------------
(61 real changes made)
(0 real changes made)

    include |      Freq.     Percent        Cum.
------------+-----------------------------------
          1 |         61      100.00      100.00
------------+-----------------------------------
      Total |         61      100.00
(note: file ./output/snomed_ethnicity_count_1.dta not found)
file ./output/snomed_ethnicity_count_1.dta saved
(note: j = 15801006 17095009 17789004 18167009 18575005 18583004 154183001 1541
> 84007 154185008 154186009 154187000 154188005 154189002 154190006 154191005 1
> 54192003 154193008 154194002 154195001 154196000 154197009 154198004 15419900
> 7 154200005 154201009 154202002 154203007 154204001 154205000 154206004 15420
> 7008 154208003 154209006 154210001 154211002 154212009 154213004 154214005 15
> 4215006 154216007 154217003 154218008 154219000 154220006 154221005 154222003
>  154223008 154224002 154225001 154226000 154227009 154229007 160531006 162730
> 000 162731001 162732008 162734009 162735005 185983003 185984009 185985005)

Data                               wide   ->   long
-----------------------------------------------------------------------------
Number of obs.                        1   ->      61
Number of variables                  63   ->       4
j variable (61 values)                    ->   snomedcode
xij variables:
eth_15801006 eth_17095009 ... eth_185985005->  eth_
-----------------------------------------------------------------------------
snomedcode was long now str9
(note: variable snomedcode was str9, now str16 to accommodate using data's
       values)

    Result                           # of obs.
    -----------------------------------------
    not matched                             0
    matched                                61  (_merge==3)
    -----------------------------------------
(61 real changes made)
(0 real changes made)

    include |      Freq.     Percent        Cum.
------------+-----------------------------------
          1 |         61      100.00      100.00
------------+-----------------------------------
      Total |         61      100.00
(note: file ./output/snomed_ethnicity_count_2.dta not found)
file ./output/snomed_ethnicity_count_2.dta saved
(note: j = 185986006 185987002 185988007 185989004 185990008 185991007 18599200
> 0 185993005 185994004 185995003 185996002 185997006 185998001 185999009 18600
> 0006 186001005 186002003 186003008 186004002 186005001 186006000 186007009 18
> 6008004 186009007 186010002 186011003 186012005 186013000 186014006 186015007
>  186016008 186017004 186018009 186019001 186020007 186021006 186022004 186023
> 009 186024003 186025002 186026001 186027005 186028000 186029008 186030003 186
> 031004 186032006 186033001 186034007 186035008 186036009 186037000 186039002 
> 186040000 186041001 186042008 186043003 186044009 186045005 186046006 1860470
> 02)

Data                               wide   ->   long
-----------------------------------------------------------------------------
Number of obs.                        1   ->      61
Number of variables                  63   ->       4
j variable (61 values)                    ->   snomedcode
xij variables:
eth_185986006 eth_185987002 ... eth_186047002->eth_
-----------------------------------------------------------------------------
snomedcode was long now str9
(note: variable snomedcode was str9, now str16 to accommodate using data's
       values)

    Result                           # of obs.
    -----------------------------------------
    not matched                             0
    matched                                61  (_merge==3)
    -----------------------------------------
(61 real changes made)
(0 real changes made)

    include |      Freq.     Percent        Cum.
------------+-----------------------------------
          1 |         61      100.00      100.00
------------+-----------------------------------
      Total |         61      100.00
(note: file ./output/snomed_ethnicity_count_3.dta not found)
file ./output/snomed_ethnicity_count_3.dta saved
(note: j = 286009 1919006 2688009 2720008 2852001 18664001 19085009 19434008 20
> 140003 20291009 20449009 21047009 21868006 21993009 22007004 23517005 2353400
> 2 23922002 24812003 25750005 25804004 26215007 27301002 27683006 27700004 284
> 09002 28562006 28796001 28821007 29343004 186048007 268914005 270460000 27046
> 1001 270462008 270463003 270464009 270465005 270466006 270467002 275586009 27
> 5587000 275588005 275589002 275590006 275591005 275592003 275593008 275594002
>  275595001 275596000 275597009 275599007 275600005 275601009 275602002 309643
> 000 202171000000101 207971000000101 207981000000104 296841000000102)

Data                               wide   ->   long
-----------------------------------------------------------------------------
Number of obs.                        1   ->      61
Number of variables                  63   ->       4
j variable (61 values)                    ->   snomedcode
xij variables:
eth_286009 eth_1919006 ... eth_296841000000102->eth_
-----------------------------------------------------------------------------
snomedcode was double now str15
(note: variable snomedcode was str15, now str16 to accommodate using data's
       values)

    Result                           # of obs.
    -----------------------------------------
    not matched                             0
    matched                                61  (_merge==3)
    -----------------------------------------
(61 real changes made)
(0 real changes made)

    include |      Freq.     Percent        Cum.
------------+-----------------------------------
          1 |         61      100.00      100.00
------------+-----------------------------------
      Total |         61      100.00
(note: file ./output/snomed_ethnicity_count_4.dta not found)
file ./output/snomed_ethnicity_count_4.dta saved
(note: j = 3353005 3698008 3818007 4073004 31637002 32045009 32513008 32873005 
> 33182009 33897005 34334001 35007000 36329002 37474002 37843006 38144004 38361
> 009 38750003 39007007 39764005 40165009 40182006 41076003 309644006 312859007
>  312860002 312861003 315236000 315237009 315238004 315239007 315240009 315279
> 003 315280000 315281001 315282008 315283003 315634007 315635008 364699009 365
> 455004 365456003 367505005 372148003 393199009 394149000 394635008 397607002 
> 397731000 398089004 401213008 401214002 413465009 413466005 413569000 4141520
> 03 414551003 414661004 414978006 41121000000107 354441000000105)

Data                               wide   ->   long
-----------------------------------------------------------------------------
Number of obs.                        1   ->      61
Number of variables                  63   ->       4
j variable (61 values)                    ->   snomedcode
xij variables:
eth_3353005 eth_3698008 ... eth_354441000000105->eth_
-----------------------------------------------------------------------------
snomedcode was double now str15
(note: variable snomedcode was str15, now str16 to accommodate using data's
       values)

    Result                           # of obs.
    -----------------------------------------
    not matched                             0
    matched                                61  (_merge==3)
    -----------------------------------------
(61 real changes made)
(0 real changes made)

    include |      Freq.     Percent        Cum.
------------+-----------------------------------
          1 |         61      100.00      100.00
------------+-----------------------------------
      Total |         61      100.00
(note: file ./output/snomed_ethnicity_count_5.dta not found)
file ./output/snomed_ethnicity_count_5.dta saved
(note: j = 4299001 6373008 41798002 42632009 43056000 43608005 43890005 4446000
> 2 45465003 46110004 46723002 47250000 47327008 48118002 48294008 48375000 483
> 93004 48679001 49202008 50405005 51750002 51827000 52075006 53195006 53460002
>  55990000 56056003 57405008 57539009 58047002 59366001 59487007 59597001 6015
> 7000 62598008 63457007 63732001 63736003 64483007 64693008 65776006 443225003
>  445343003 43481000000100 44881000000100 44891000000103 494131000000105 49416
> 1000000100 503391000000104 503401000000101 503411000000104 518701000000103 51
> 8721000000107 519681000000108 583481000000105 583491000000107 591311000000105
>  592491000000104 592501000000105 651601000000100 661731000000107)

Data                               wide   ->   long
-----------------------------------------------------------------------------
Number of obs.                        1   ->      61
Number of variables                  63   ->       4
j variable (61 values)                    ->   snomedcode
xij variables:
eth_4299001 eth_6373008 ... eth_661731000000107->eth_
-----------------------------------------------------------------------------
snomedcode was double now str15
(note: variable snomedcode was str15, now str16 to accommodate using data's
       values)

    Result                           # of obs.
    -----------------------------------------
    not matched                             0
    matched                                61  (_merge==3)
    -----------------------------------------
(61 real changes made)
(0 real changes made)

    include |      Freq.     Percent        Cum.
------------+-----------------------------------
          1 |         61      100.00      100.00
------------+-----------------------------------
      Total |         61      100.00
(note: file ./output/snomed_ethnicity_count_6.dta not found)
file ./output/snomed_ethnicity_count_6.dta saved
(note: j = 7695005 66406004 66920001 67165000 67439005 67931002 68486007 698650
> 08 69983001 71176007 71949006 72201005 72248007 72337002 72809004 73524008 73
> 736004 74159009 74302004 75301003 75326007 75704009 76253004 76460008 7657400
> 4 76768002 76775001 76883002 77502007 77686000 79434006 80208004 704385002 70
> 4386001 704387005 704388000 704389008 704390004 704391000 704392007 718958002
>  718959005 718960000 718961001 718962008 718963003 718964009 733078003 733446
> 001 735001008 763726001 77711000000105 661741000000103 666871000000107 668681
> 000000107 710011000000101 718021000000105 718131000000106 723621000000103 728
> 721000000100 728731000000103)

Data                               wide   ->   long
-----------------------------------------------------------------------------
Number of obs.                        1   ->      61
Number of variables                  63   ->       4
j variable (61 values)                    ->   snomedcode
xij variables:
eth_7695005 eth_66406004 ... eth_728731000000103->eth_
-----------------------------------------------------------------------------
snomedcode was double now str15
(note: variable snomedcode was str15, now str16 to accommodate using data's
       values)

    Result                           # of obs.
    -----------------------------------------
    not matched                             0
    matched                                61  (_merge==3)
    -----------------------------------------
(61 real changes made)
(0 real changes made)

    include |      Freq.     Percent        Cum.
------------+-----------------------------------
          1 |         61      100.00      100.00
------------+-----------------------------------
      Total |         61      100.00
(note: file ./output/snomed_ethnicity_count_7.dta not found)
file ./output/snomed_ethnicity_count_7.dta saved
(note: j = 8124001 9158000 80528001 81035008 81283004 81403004 81560001 8165300
> 3 81846005 82174001 83365001 83584002 83939006 85163001 85371009 85515006 862
> 75006 87323008 88790004 88839008 88934004 89026003 90027003 90348007 90822005
>  91066000 91191002 91488008 870448005 82121000000108 86461000000107 889110000
> 00101 88921000000107 88931000000109 88941000000100 88951000000102 88961000000
> 104 88971000000106 88981000000108 88991000000105 89001000000105 8901100000010
> 7 89021000000101 89031000000104 92381000000106 92391000000108 92401000000106 
> 92411000000108 92421000000102 92431000000100 92441000000109 92451000000107 92
> 461000000105 92471000000103 92481000000101 92491000000104 92501000000105 9251
> 1000000107 92521000000101 92531000000104 92541000000108)

Data                               wide   ->   long
-----------------------------------------------------------------------------
Number of obs.                        1   ->      61
Number of variables                  63   ->       4
j variable (61 values)                    ->   snomedcode
xij variables:
eth_8124001 eth_9158000 ... eth_92541000000108->eth_
-----------------------------------------------------------------------------
snomedcode was double now str14
(note: variable snomedcode was str14, now str16 to accommodate using data's
       values)

    Result                           # of obs.
    -----------------------------------------
    not matched                             0
    matched                                61  (_merge==3)
    -----------------------------------------
(61 real changes made)
(0 real changes made)

    include |      Freq.     Percent        Cum.
------------+-----------------------------------
          1 |         61      100.00      100.00
------------+-----------------------------------
      Total |         61      100.00
(note: file ./output/snomed_ethnicity_count_8.dta not found)
file ./output/snomed_ethnicity_count_8.dta saved
(note: j = 9533000 92551000000106 92561000000109 92571000000102 92581000000100 
> 92591000000103 92601000000109 92611000000106 92621000000100 92631000000103 92
> 641000000107 92651000000105 92661000000108 92671000000101 92681000000104 9269
> 1000000102 92701000000102 92711000000100 92721000000106 92731000000108 927410
> 00000104 92751000000101 92761000000103 92771000000105 92781000000107 92791000
> 000109 93921000000101 93931000000104 93941000000108 93951000000106 9396100000
> 0109 93981000000100 93991000000103 94001000000108 94011000000105 940210000001
> 04 94031000000102 94041000000106 94051000000109 94061000000107 94071000000100
>  94081000000103 94091000000101 94101000000109 94111000000106 94121000000100 9
> 4131000000103 94141000000107 94151000000105 976551000000109 976571000000100 9
> 76591000000101 976611000000109 976631000000101 976651000000108 97667100000010
> 4 976691000000100 976711000000103 976721000000109 976731000000106 97674100000
> 0102)

Data                               wide   ->   long
-----------------------------------------------------------------------------
Number of obs.                        1   ->      61
Number of variables                  63   ->       4
j variable (61 values)                    ->   snomedcode
xij variables:
eth_9533000 eth_92551000000106 ... eth_976741000000102->eth_
-----------------------------------------------------------------------------
snomedcode was double now str15
(note: variable snomedcode was str15, now str16 to accommodate using data's
       values)

    Result                           # of obs.
    -----------------------------------------
    not matched                             0
    matched                                61  (_merge==3)
    -----------------------------------------
(61 real changes made)
(0 real changes made)

    include |      Freq.     Percent        Cum.
------------+-----------------------------------
          1 |         61      100.00      100.00
------------+-----------------------------------
      Total |         61      100.00
(note: file ./output/snomed_ethnicity_count_9.dta not found)
file ./output/snomed_ethnicity_count_9.dta saved
(note: j = 976751000000104 976761000000101 976771000000108 976781000000105 9767
> 91000000107 976811000000108 976831000000100 976851000000107 976871000000103 9
> 76891000000104 976911000000101 976931000000109 976951000000102 97696100000010
> 4 976971000000106 976981000000108 977351000000100 977371000000109 97739100000
> 0108 977401000000106 977411000000108 977421000000102 977431000000100 97744100
> 0000109 977551000000106 977561000000109 977591000000103 977711000000100 97773
> 1000000108 977751000000101 977771000000105 977791000000109 977811000000105 97
> 7831000000102 977851000000109 977861000000107 977871000000100 977881000000103
>  977911000000103 977931000000106 977951000000104 977971000000108 978011000000
> 101 978031000000109 978041000000100 978051000000102 978061000000104 978071000
> 000106 978111000000100 978171000000105 978191000000109 978211000000108 978231
> 000000100 978251000000107 978271000000103 978341000000102 978361000000101 978
> 381000000105 978391000000107 978401000000105 978411000000107)

Data                               wide   ->   long
-----------------------------------------------------------------------------
Number of obs.                        1   ->      61
Number of variables                  63   ->       4
j variable (61 values)                    ->   snomedcode
xij variables:
eth_976751000000104 eth_976761000000101 ... eth_978411000000107->eth_
-----------------------------------------------------------------------------
snomedcode was double now str15
(note: variable snomedcode was str15, now str16 to accommodate using data's
       values)

    Result                           # of obs.
    -----------------------------------------
    not matched                             0
    matched                                61  (_merge==3)
    -----------------------------------------
(61 real changes made)
(0 real changes made)

    include |      Freq.     Percent        Cum.
------------+-----------------------------------
          1 |         61      100.00      100.00
------------+-----------------------------------
      Total |         61      100.00
(note: file ./output/snomed_ethnicity_count_10.dta not found)
file ./output/snomed_ethnicity_count_10.dta saved

. 
. *append all 10 files
. use ./output/snomed_ethnicity_count_1.dta

. forvalues i=2/10 {
  2.          append using ./output/snomed_ethnicity_count_`i'.dta
  3. }
(label _merge already defined)
(label _merge already defined)
(label _merge already defined)
(label _merge already defined)
(label _merge already defined)
(label _merge already defined)
(label _merge already defined)
(label _merge already defined)
(label _merge already defined)

. 
. gsort -include snomedcode

. 
. order snomedcode

. tab group

(min) group |      Freq.     Percent        Cum.
------------+-----------------------------------
          1 |         61       10.00       10.00
          2 |         61       10.00       20.00
          3 |         61       10.00       30.00
          4 |         61       10.00       40.00
          5 |         61       10.00       50.00
          6 |         61       10.00       60.00
          7 |         61       10.00       70.00
          8 |         61       10.00       80.00
          9 |         61       10.00       90.00
         10 |         61       10.00      100.00
------------+-----------------------------------
      Total |        610      100.00

. tab include

    include |      Freq.     Percent        Cum.
------------+-----------------------------------
          1 |        610      100.00      100.00
------------+-----------------------------------
      Total |        610      100.00

. export delimited using ./output/snomed_ethnicity_counts.csv, replace
(note: file ./output/snomed_ethnicity_counts.csv not found)
file ./output/snomed_ethnicity_counts.csv saved

. log close
      name:  <unnamed>
       log:  /workspace/logs/01_describe_snomed_ethnicity.log
  log type:  text
 closed on:  16 Mar 2022, 10:48:13
-------------------------------------------------------------------------------
