-------------------------------------------------------------------------------
      name:  <unnamed>
       log:  /workspace/logs/01_describe_snomed_ethnicity.log
  log type:  text
 opened on:   2 Sep 2021, 18:39:32

. 
. *create stata version of codelists for merging
. import delimited ./codelists/opensafely-ethnicity-uk-categories.csv, clear
(2 vars, 610 obs)

. format code %20.0f

. tostring code, gen(snomedcode) format(%20.0g)
snomedcode generated as str16

. save ./output/opensafely-ethnicity-uk-categories_formerge.dta, replace
file ./output/opensafely-ethnicity-uk-categories_formerge.dta saved

. 
. clear

. 
. *import csv for each group and save as dta
. forvalues i=2/10 {
  2.         cap import delimited ./output/input_`i'.csv, clear
  3.         save ./output/input`i'.dta, replace
  4. }
(note: file ./output/input2.dta not found)
file ./output/input2.dta saved
(note: file ./output/input3.dta not found)
file ./output/input3.dta saved
(note: file ./output/input4.dta not found)
file ./output/input4.dta saved
(note: file ./output/input5.dta not found)
file ./output/input5.dta saved
(note: file ./output/input6.dta not found)
file ./output/input6.dta saved
(note: file ./output/input7.dta not found)
file ./output/input7.dta saved
(note: file ./output/input8.dta not found)
file ./output/input8.dta saved
(note: file ./output/input9.dta not found)
file ./output/input9.dta saved
(note: file ./output/input10.dta not found)
file ./output/input10.dta saved

. 
. *append all 10 files
. import delimited using ./output/input.csv, clear
(66 vars, 1,000 obs)

. 
. forvalues i=2/10 {
  2.         cap append using ./output/input`i'.dta
  3. }

. 
. 
. order patient_id

. 
. *collapse count of each ethnicity code 
. collapse (sum) eth_*

. 
. *reshape long
. gen ethnicity=1

. reshape long eth_, i(ethnicity) j(snomedcode)
(note: j = 286009 1340002 1451003 1919006 2688009 2720008 2852001 3353005 36980
> 08 3818007 4073004 4299001 6373008 7695005 8124001 9158000 9533000 10008004 1
> 0117001 10292001 10432001 11794009 12556008 13233008 13440006 14045001 141760
> 05 14470009 14999008 15086000 15801006 17095009 17789004 18167009 18575005 18
> 583004 18664001 19085009 19434008 20140003 20291009 20449009 21047009 2186800
> 6 21993009 22007004 23517005 23534002 23922002 24812003 25750005 25804004 262
> 15007 27301002 27683006 27700004 28409002 28562006 28796001 28821007 29343004
>  31637002 32045009 32513008 32873005 33182009 33897005 34334001 35007000 3632
> 9002 37474002 37843006 38144004 38361009 38750003 39007007 39764005 40165009 
> 40182006 41076003 41798002 42632009 43056000 43608005 43890005 44460002 45465
> 003 46110004 46723002 47250000 47327008 48118002 48294008 48375000 48393004 4
> 8679001 49202008 50405005 51750002 51827000 52075006 53195006 53460002 559900
> 00 56056003 57405008 57539009 58047002 59366001 59487007 59597001 60157000 62
> 598008 63457007 63732001 63736003 64483007 64693008 65776006 66406004 6692000
> 1 67165000 67439005 67931002 68486007 69865008 69983001 71176007 71949006 722
> 01005 72248007 72337002 72809004 73524008 73736004 74159009 74302004 75301003
>  75326007 75704009 76253004 76460008 76574004 76768002 76775001 76883002 7750
> 2007 77686000 79434006 80208004 80528001 81035008 81283004 81403004 81560001 
> 81653003 81846005 82174001 83365001 83584002 83939006 85163001 85371009 85515
> 006 86275006 87323008 88790004 88839008 88934004 89026003 90027003 90348007 9
> 0822005 91066000 91191002 91488008 108342005 113169009 113170005 113171009 13
> 9955009 139960008 154159009 154160004 154161000 154162007 154163002 154164008
>  154165009 154166005 154167001 154168006 154169003 154170002 154171003 154172
> 005 154173000 154174006 154175007 154176008 154177004 154178009 154179001 154
> 180003 154181004 154182006 154183001 154184007 154185008 154186009 154187000 
> 154188005 154189002 154190006 154191005 154192003 154193008 154194002 1541950
> 01 154196000 154197009 154198004 154199007 154200005 154201009 154202002 1542
> 03007 154204001 154205000 154206004 154207008 154208003 154209006 154210001 1
> 54211002 154212009 154213004 154214005 154215006 154216007 154217003 15421800
> 8 154219000 154220006 154221005 154222003 154223008 154224002 154225001 15422
> 6000 154227009 154229007 160531006 162730000 162731001 162732008 162734009 16
> 2735005 185983003 185984009 185985005 185986006 185987002 185988007 185989004
>  185990008 185991007 185992000 185993005 185994004 185995003 185996002 185997
> 006 185998001 185999009 186000006 186001005 186002003 186003008 186004002 186
> 005001 186006000 186007009 186008004 186009007 186010002 186011003 186012005 
> 186013000 186014006 186015007 186016008 186017004 186018009 186019001 1860200
> 07 186021006 186022004 186023009 186024003 186025002 186026001 186027005 1860
> 28000 186029008 186030003 186031004 186032006 186033001 186034007 186035008 1
> 86036009 186037000 186039002 186040000 186041001 186042008 186043003 18604400
> 9 186045005 186046006 186047002 186048007 268914005 270460000 270461001 27046
> 2008 270463003 270464009 270465005 270466006 270467002 275586009 275587000 27
> 5588005 275589002 275590006 275591005 275592003 275593008 275594002 275595001
>  275596000 275597009 275599007 275600005 275601009 275602002 309643000 309644
> 006 312859007 312860002 312861003 315236000 315237009 315238004 315239007 315
> 240009 315279003 315280000 315281001 315282008 315283003 315634007 315635008 
> 364699009 365455004 365456003 367505005 372148003 393199009 394149000 3946350
> 08 397607002 397731000 398089004 401213008 401214002 413465009 413466005 4135
> 69000 414152003 414551003 414661004 414978006 443225003 445343003 704385002 7
> 04386001 704387005 704388000 704389008 704390004 704391000 704392007 71895800
> 2 718959005 718960000 718961001 718962008 718963003 718964009 733078003 73344
> 6001 735001008 763726001 870448005 41121000000107 43481000000100 448810000001
> 00 44891000000103 77711000000105 82121000000108 86461000000107 88911000000101
>  88921000000107 88931000000109 88941000000100 88951000000102 88961000000104 8
> 8971000000106 88981000000108 88991000000105 89001000000105 89011000000107 890
> 21000000101 89031000000104 92381000000106 92391000000108 92401000000106 92411
> 000000108 92421000000102 92431000000100 92441000000109 92451000000107 9246100
> 0000105 92471000000103 92481000000101 92491000000104 92501000000105 925110000
> 00107 92521000000101 92531000000104 92541000000108 92551000000106 92561000000
> 109 92571000000102 92581000000100 92591000000103 92601000000109 9261100000010
> 6 92621000000100 92631000000103 92641000000107 92651000000105 92661000000108 
> 92671000000101 92681000000104 92691000000102 92701000000102 92711000000100 92
> 721000000106 92731000000108 92741000000104 92751000000101 92761000000103 9277
> 1000000105 92781000000107 92791000000109 93921000000101 93931000000104 939410
> 00000108 93951000000106 93961000000109 93981000000100 93991000000103 94001000
> 000108 94011000000105 94021000000104 94031000000102 94041000000106 9405100000
> 0109 94061000000107 94071000000100 94081000000103 94091000000101 941010000001
> 09 94111000000106 94121000000100 94131000000103 94141000000107 94151000000105
>  107691000000105 110401000000103 110751000000108 110761000000106 110771000000
> 104 110781000000102 110791000000100 110831000000107 202171000000101 207971000
> 000101 207981000000104 296841000000102 354441000000105 494131000000105 494161
> 000000100 503391000000104 503401000000101 503411000000104 518701000000103 518
> 721000000107 519681000000108 583481000000105 583491000000107 591311000000105 
> 592491000000104 592501000000105 651601000000100 661731000000107 6617410000001
> 03 666871000000107 668681000000107 710011000000101 718021000000105 7181310000
> 00106 723621000000103 728721000000100 728731000000103 976551000000109 9765710
> 00000100 976591000000101 976611000000109 976631000000101 976651000000108 9766
> 71000000104 976691000000100 976711000000103 976721000000109 976731000000106 9
> 76741000000102 976751000000104 976761000000101 976771000000108 97678100000010
> 5 976791000000107 976811000000108 976831000000100 976851000000107 97687100000
> 0103 976891000000104 976911000000101 976931000000109 976951000000102 97696100
> 0000104 976971000000106 976981000000108 977351000000100 977371000000109 97739
> 1000000108 977401000000106 977411000000108 977421000000102 977431000000100 97
> 7441000000109 977551000000106 977561000000109 977591000000103 977711000000100
>  977731000000108 977751000000101 977771000000105 977791000000109 977811000000
> 105 977831000000102 977851000000109 977861000000107 977871000000100 977881000
> 000103 977911000000103 977931000000106 977951000000104 977971000000108 978011
> 000000101 978031000000109 978041000000100 978051000000102 978061000000104 978
> 071000000106 978111000000100 978171000000105 978191000000109 978211000000108 
> 978231000000100 978251000000107 978271000000103 978341000000102 9783610000001
> 01 978381000000105 978391000000107 978401000000105 978411000000107 1024701000
> 000100 1036211000000103 1036251000000104 1036281000000105 1036301000000106 10
> 36321000000102 1036341000000109 1036361000000105)

Data                               wide   ->   long
-----------------------------------------------------------------------------
Number of obs.                        1   ->     610
Number of variables                 611   ->       3
j variable (610 values)                   ->   snomedcode
xij variables:
eth_286009 eth_1340002 ... eth_1036361000000105->eth_
-----------------------------------------------------------------------------

. ren eth_ snomedcode_count

. 
. format snomedcode %20.0f

. tostring snomedcode, replace format(%20.0g)
snomedcode was double now str16

. 
. *merge with codelist for descriptors
. merge 1:1 snomedcode using ./output/opensafely-ethnicity-uk-categories_former
> ge.dta

    Result                           # of obs.
    -----------------------------------------
    not matched                             0
    matched                               610  (_merge==3)
    -----------------------------------------

. 
. gen include=0

. replace include=1 if _merge==3
(610 real changes made)

. replace include=0 if snomedcode_count==0
(0 real changes made)

. tab include

    include |      Freq.     Percent        Cum.
------------+-----------------------------------
          1 |        610      100.00      100.00
------------+-----------------------------------
      Total |        610      100.00

. drop code

. save ./output/snomed_ethnicity_counts.dta, replace
(note: file ./output/snomed_ethnicity_counts.dta not found)
file ./output/snomed_ethnicity_counts.dta saved

. 
. log close
      name:  <unnamed>
       log:  /workspace/logs/01_describe_snomed_ethnicity.log
  log type:  text
 closed on:   2 Sep 2021, 18:39:44
-------------------------------------------------------------------------------
